components/common/delete-confirmation-dialog.tsx(12,8): error TS2307: Cannot find module '@/components/ui/alert-dialog' or its corresponding type declarations.
components/ui/dropdown-menu.tsx(6,60): error TS2307: Cannot find module '@radix-ui/react-icons' or its corresponding type declarations.
